TAP version 13
# ◇ injected env (73) from .env // tip: ⌘ multiple files { path: ['.env.local', '.env'] }
# ◇ injected env (0) from .env // tip: ⌘ multiple files { path: ['.env.local', '.env'] }
# ◇ injected env (0) from .env // tip: ◈ encrypted .env [www.dotenvx.com]
# ◇ injected env (0) from .env // tip: ◈ secrets for agents [www.dotenvx.com]
# ◇ injected env (0) from .env // tip: ⌘ override existing { override: true }
# ◇ injected env (0) from .env // tip: ⌘ custom filepath { path: '/custom/path/.env' }
# ◇ injected env (0) from .env // tip: ⌘ override existing { override: true }
# ◇ injected env (0) from .env // tip: ◈ encrypted .env [www.dotenvx.com]
# ◇ injected env (0) from .env // tip: ◈ secrets for agents [www.dotenvx.com]
# ◇ injected env (0) from .env // tip: ◈ encrypted .env [www.dotenvx.com]
# ◇ injected env (0) from .env // tip: ◈ encrypted .env [www.dotenvx.com]
# ◇ injected env (0) from .env // tip: ⌁ auth for agents [www.vestauth.com]
# ◇ injected env (0) from .env // tip: ⌘ multiple files { path: ['.env.local', '.env'] }
# ◇ injected env (0) from .env // tip: ⌘ multiple files { path: ['.env.local', '.env'] }
# ◇ injected env (0) from .env // tip: ⌘ multiple files { path: ['.env.local', '.env'] }
# ◇ injected env (0) from .env // tip: ⌘ custom filepath { path: '/custom/path/.env' }
# ◇ injected env (0) from .env // tip: ⌘ custom filepath { path: '/custom/path/.env' }
# ◇ injected env (0) from .env // tip: ⌘ override existing { override: true }
# createAgent error: Error: An agent with email "agent-a.1787986950971@example.com" already exists.
#     at AgentService.createAgent (file:///C:/Users/Saad/OneDrive/Documents/MAQVERA/services/AgentService.js:26:25)
#     at process.processTicksAndRejections (node:internal/process/task_queues:105:5)
#     at async Module.createAgent (file:///C:/Users/Saad/OneDrive/Documents/MAQVERA/controllers/AgentPortalController.js:30:19)
#     at async TestContext.<anonymous> (file:///C:/Users/Saad/OneDrive/Documents/MAQVERA/tests/agentPortal.test.js:89:3)
#     at async Test.run (node:internal/test_runner/test:1069:7)
#     at async startSubtestAfterBootstrap (node:internal/test_runner/harness:332:3)
# agentLogin error: Error: Invalid email or password.
#     at AgentService.login (file:///C:/Users/Saad/OneDrive/Documents/MAQVERA/services/AgentService.js:72:23)
#     at async Module.agentLogin (file:///C:/Users/Saad/OneDrive/Documents/MAQVERA/controllers/AgentPortalController.js:76:20)
#     at async TestContext.<anonymous> (file:///C:/Users/Saad/OneDrive/Documents/MAQVERA/tests/agentPortal.test.js:105:3)
#     at async Test.run (node:internal/test_runner/test:1069:7)
#     at async startSubtestAfterBootstrap (node:internal/test_runner/harness:332:3)
# agentLogin error: Error: Agent account is suspended.
#     at AgentService.login (file:///C:/Users/Saad/OneDrive/Documents/MAQVERA/services/AgentService.js:69:42)
#     at process.processTicksAndRejections (node:internal/process/task_queues:105:5)
#     at async Module.agentLogin (file:///C:/Users/Saad/OneDrive/Documents/MAQVERA/controllers/AgentPortalController.js:76:20)
#     at async TestContext.<anonymous> (file:///C:/Users/Saad/OneDrive/Documents/MAQVERA/tests/agentPortal.test.js:184:3)
#     at async Test.run (node:internal/test_runner/test:1069:7)
#     at async startSubtestAfterBootstrap (node:internal/test_runner/harness:332:3)
# Subtest: Agent Portal: staff create/list/permission gate, agent login, agent-initiated booking + real commission crediting, cross-agent isolation
ok 1 - Agent Portal: staff create/list/permission gate, agent login, agent-initiated booking + real commission crediting, cross-agent isolation
  ---
  duration_ms: 47250.0648
  type: 'test'
  ...
